20:32:12 **** Incremental Build of configuration Debug for project DataLogger ****
make -j4 all 
arm-none-eabi-size   DataLogger.elf 
   text	   data	    bss	    dec	    hex	filename
  14984	     20	   1836	  16840	   41c8	DataLogger.elf
Finished building: default.size.stdout
 
20:32:15 **** Incremental Build of configuration Debug for project DataLogger ****
make -j4 all 
arm-none-eabi-size   DataLogger.elf 
   text	   data	    bss	    dec	    hex	filename
  14984	     20	   1836	  16840	   41c8	DataLogger.elf
Finished building: default.size.stdout
 
20:34:31 **** Incremental Build of configuration Debug for project DataLogger ****
make -j4 all 
arm-none-eabi-size   DataLogger.elf 
   text	   data	    bss	    dec	    hex	filename
  14984	     20	   1836	  16840	   41c8	DataLogger.elf
Finished building: default.size.stdout
 
20:35:58 **** Incremental Build of configuration Debug for project DataLogger ****
make -j4 all 
arm-none-eabi-size   DataLogger.elf 
   text	   data	    bss	    dec	    hex	filename
  14984	     20	   1836	  16840	   41c8	DataLogger.elf
Finished building: default.size.stdout
 
