09:33:45 **** Incremental Build of configuration Debug for project DataLogger ****
make -j4 all 
arm-none-eabi-gcc "../Core/Src/main.c" -mcpu=cortex-m3 -std=gnu11 -g3 -DUSE_HAL_DRIVER -DSTM32F103xB -DDEBUG -c -I../Core/Inc -I../Drivers/STM32F1xx_HAL_Driver/Inc -I../Drivers/STM32F1xx_HAL_Driver/Inc/Legacy -I../Drivers/CMSIS/Device/ST/STM32F1xx/Include -I../Drivers/CMSIS/Include -O0 -ffunction-sections -fdata-sections -Wall -fstack-usage -MMD -MP -MF"Core/Src/main.d" -MT"Core/Src/main.o" --specs=nano.specs -mfloat-abi=soft -mthumb -o "Core/Src/main.o"
arm-none-eabi-gcc -o "DataLogger.elf" @"objects.list"   -mcpu=cortex-m3 -T"D:\workspaces\PROYECTOS\DataLogger\STM32\DataLogger\STM32F103C8TX_FLASH.ld" --specs=nosys.specs -Wl,-Map="DataLogger.map" -Wl,--gc-sections -static --specs=nano.specs -mfloat-abi=soft -mthumb -Wl,--start-group -lc -lm -Wl,--end-group
Finished building target: DataLogger.elf
 
arm-none-eabi-objdump -h -S  DataLogger.elf  > "DataLogger.list"
arm-none-eabi-objcopy  -O binary  DataLogger.elf  "DataLogger.bin"
arm-none-eabi-size   DataLogger.elf 
   text	   data	    bss	    dec	    hex	filename
  14956	     20	   1836	  16812	   41ac	DataLogger.elf
Finished building: default.size.stdout
 
Finished building: DataLogger.bin
 
Finished building: DataLogger.list
 
09:33:51 **** Incremental Build of configuration Debug for project DataLogger ****
make -j4 all 
arm-none-eabi-size   DataLogger.elf 
   text	   data	    bss	    dec	    hex	filename
  14956	     20	   1836	  16812	   41ac	DataLogger.elf
Finished building: default.size.stdout
 
09:46:30 **** Incremental Build of configuration Debug for project DataLogger ****
make -j4 all 
arm-none-eabi-size   DataLogger.elf 
   text	   data	    bss	    dec	    hex	filename
  14956	     20	   1836	  16812	   41ac	DataLogger.elf
Finished building: default.size.stdout
 
09:46:40 **** Incremental Build of configuration Debug for project DataLogger ****
make -j4 all 
arm-none-eabi-size   DataLogger.elf 
   text	   data	    bss	    dec	    hex	filename
  14956	     20	   1836	  16812	   41ac	DataLogger.elf
Finished building: default.size.stdout
 
09:52:52 **** Incremental Build of configuration Debug for project DataLogger ****
make -j4 all 
arm-none-eabi-gcc "../Core/Src/main.c" -mcpu=cortex-m3 -std=gnu11 -g3 -DUSE_HAL_DRIVER -DSTM32F103xB -DDEBUG -c -I../Core/Inc -I../Drivers/STM32F1xx_HAL_Driver/Inc -I../Drivers/STM32F1xx_HAL_Driver/Inc/Legacy -I../Drivers/CMSIS/Device/ST/STM32F1xx/Include -I../Drivers/CMSIS/Include -O0 -ffunction-sections -fdata-sections -Wall -fstack-usage -MMD -MP -MF"Core/Src/main.d" -MT"Core/Src/main.o" --specs=nano.specs -mfloat-abi=soft -mthumb -o "Core/Src/main.o"
arm-none-eabi-gcc -o "DataLogger.elf" @"objects.list"   -mcpu=cortex-m3 -T"D:\workspaces\PROYECTOS\DataLogger\STM32\DataLogger\STM32F103C8TX_FLASH.ld" --specs=nosys.specs -Wl,-Map="DataLogger.map" -Wl,--gc-sections -static --specs=nano.specs -mfloat-abi=soft -mthumb -Wl,--start-group -lc -lm -Wl,--end-group
Finished building target: DataLogger.elf
 
arm-none-eabi-objdump -h -S  DataLogger.elf  > "DataLogger.list"
arm-none-eabi-objcopy  -O binary  DataLogger.elf  "DataLogger.bin"
arm-none-eabi-size   DataLogger.elf 
   text	   data	    bss	    dec	    hex	filename
  14960	     20	   1836	  16816	   41b0	DataLogger.elf
Finished building: default.size.stdout
 
Finished building: DataLogger.bin
 
Finished building: DataLogger.list
 
09:59:28 **** Incremental Build of configuration Debug for project DataLogger ****
make -j4 all 
arm-none-eabi-gcc "../Core/Src/main.c" -mcpu=cortex-m3 -std=gnu11 -g3 -DUSE_HAL_DRIVER -DSTM32F103xB -DDEBUG -c -I../Core/Inc -I../Drivers/STM32F1xx_HAL_Driver/Inc -I../Drivers/STM32F1xx_HAL_Driver/Inc/Legacy -I../Drivers/CMSIS/Device/ST/STM32F1xx/Include -I../Drivers/CMSIS/Include -O0 -ffunction-sections -fdata-sections -Wall -fstack-usage -MMD -MP -MF"Core/Src/main.d" -MT"Core/Src/main.o" --specs=nano.specs -mfloat-abi=soft -mthumb -o "Core/Src/main.o"
../Core/Src/main.c: In function 'main':
../Core/Src/main.c:205:16: warning: statement with no effect [-Wunused-value]
    flag_actual == NADA;
                ^
arm-none-eabi-gcc -o "DataLogger.elf" @"objects.list"   -mcpu=cortex-m3 -T"D:\workspaces\PROYECTOS\DataLogger\STM32\DataLogger\STM32F103C8TX_FLASH.ld" --specs=nosys.specs -Wl,-Map="DataLogger.map" -Wl,--gc-sections -static --specs=nano.specs -mfloat-abi=soft -mthumb -Wl,--start-group -lc -lm -Wl,--end-group
Finished building target: DataLogger.elf
 
arm-none-eabi-objdump -h -S  DataLogger.elf  > "DataLogger.list"
arm-none-eabi-objcopy  -O binary  DataLogger.elf  "DataLogger.bin"
arm-none-eabi-size   DataLogger.elf 
   text	   data	    bss	    dec	    hex	filename
  14972	     20	   1836	  16828	   41bc	DataLogger.elf
Finished building: default.size.stdout
 
Finished building: DataLogger.bin
 
Finished building: DataLogger.list
 
10:00:40 **** Incremental Build of configuration Debug for project DataLogger ****
make -j4 all 
arm-none-eabi-gcc "../Core/Src/main.c" -mcpu=cortex-m3 -std=gnu11 -g3 -DUSE_HAL_DRIVER -DSTM32F103xB -DDEBUG -c -I../Core/Inc -I../Drivers/STM32F1xx_HAL_Driver/Inc -I../Drivers/STM32F1xx_HAL_Driver/Inc/Legacy -I../Drivers/CMSIS/Device/ST/STM32F1xx/Include -I../Drivers/CMSIS/Include -O0 -ffunction-sections -fdata-sections -Wall -fstack-usage -MMD -MP -MF"Core/Src/main.d" -MT"Core/Src/main.o" --specs=nano.specs -mfloat-abi=soft -mthumb -o "Core/Src/main.o"
arm-none-eabi-gcc -o "DataLogger.elf" @"objects.list"   -mcpu=cortex-m3 -T"D:\workspaces\PROYECTOS\DataLogger\STM32\DataLogger\STM32F103C8TX_FLASH.ld" --specs=nosys.specs -Wl,-Map="DataLogger.map" -Wl,--gc-sections -static --specs=nano.specs -mfloat-abi=soft -mthumb -Wl,--start-group -lc -lm -Wl,--end-group
Finished building target: DataLogger.elf
 
arm-none-eabi-objdump -h -S  DataLogger.elf  > "DataLogger.list"
arm-none-eabi-objcopy  -O binary  DataLogger.elf  "DataLogger.bin"
arm-none-eabi-size   DataLogger.elf 
   text	   data	    bss	    dec	    hex	filename
  14984	     20	   1836	  16840	   41c8	DataLogger.elf
Finished building: default.size.stdout
 
Finished building: DataLogger.bin
 
Finished building: DataLogger.list
 
