20:05:29 **** Incremental Build of configuration Debug for project TEST_UART ****
make -j4 all 
arm-none-eabi-gcc "../Core/Src/main.c" -mcpu=cortex-m3 -std=gnu11 -g3 -DUSE_HAL_DRIVER -DSTM32F103xB -DDEBUG -c -I../Core/Inc -I../Drivers/STM32F1xx_HAL_Driver/Inc -I../Drivers/STM32F1xx_HAL_Driver/Inc/Legacy -I../Drivers/CMSIS/Device/ST/STM32F1xx/Include -I../Drivers/CMSIS/Include -O0 -ffunction-sections -fdata-sections -Wall -fstack-usage -MMD -MP -MF"Core/Src/main.d" -MT"Core/Src/main.o" --specs=nano.specs -mfloat-abi=soft -mthumb -o "Core/Src/main.o"
../Core/Src/main.c: In function 'HAL_UART_RxCpltCallback':
../Core/Src/main.c:256:18: warning: initialization makes integer from pointer without a cast [-Wint-conversion]
  uint8_t extra = &flag_actual;
                  ^
../Core/Src/main.c:256:10: warning: unused variable 'extra' [-Wunused-variable]
  uint8_t extra = &flag_actual;
          ^~~~~
arm-none-eabi-gcc -o "TEST_UART.elf" @"objects.list"   -mcpu=cortex-m3 -T"D:\workspaces\PROYECTOS\DataLogger\STM32\TEST_UART\STM32F103C8TX_FLASH.ld" --specs=nosys.specs -Wl,-Map="TEST_UART.map" -Wl,--gc-sections -static --specs=nano.specs -mfloat-abi=soft -mthumb -Wl,--start-group -lc -lm -Wl,--end-group
Finished building target: TEST_UART.elf
 
arm-none-eabi-objdump -h -S  TEST_UART.elf  > "TEST_UART.list"
arm-none-eabi-objcopy  -O binary  TEST_UART.elf  "TEST_UART.bin"
arm-none-eabi-size   TEST_UART.elf 
   text	   data	    bss	    dec	    hex	filename
   8056	     20	   1644	   9720	   25f8	TEST_UART.elf
Finished building: default.size.stdout
 
Finished building: TEST_UART.bin
Finished building: TEST_UART.list
 
 

20:05:30 Build Finished. 0 errors, 2 warnings. (took 958ms)

